This file contains any messages produced by compilers while
running configure, to aid debugging if configure makes a mistake.

It was created by elfutils configure 0.191, which was
generated by GNU Autoconf 2.71.  Invocation command line was

  $ ./configure --prefix=/home/z/my-project/os-build/tools --enable-libelf --disable-libdw --disable-libdwfl --disable-libasm --disable-debuginfod --disable-libdebuginfod --quiet

## --------- ##
## Platform. ##
## --------- ##

hostname = c-6a2c5df1-1445a456-6c050cdb0083
uname -m = x86_64
uname -r = 5.10.134-013.8.kangaroo.al8.x86_64
uname -s = Linux
uname -v = #1 SMP Thu Feb 5 07:08:02 UTC 2026

/usr/bin/uname -p = unknown
/bin/uname -X     = unknown

/bin/arch              = x86_64
/usr/bin/arch -k       = unknown
/usr/convex/getsysinfo = unknown
/usr/bin/hostinfo      = unknown
/bin/machine           = unknown
/usr/bin/oslevel       = unknown
/bin/universe          = unknown

PATH: /home/z/.venv/bin/
PATH: /app/.venv/bin/
PATH: /home/z/.npm-global/bin/
PATH: /home/z/.bun/bin/
PATH: /usr/local/sbin/
PATH: /usr/local/bin/
PATH: /usr/sbin/
PATH: /usr/bin/
PATH: /sbin/
PATH: /bin/
PATH: /usr/local/bun-node-fallback-bin/


## ----------- ##
## Core tests. ##
## ----------- ##

configure:3226: looking for aux files: config.rpath ar-lib compile config.guess config.sub missing install-sh
configure:3239:  trying ./config/
configure:3268:   ./config/config.rpath found
configure:3268:   ./config/ar-lib found
configure:3268:   ./config/compile found
configure:3268:   ./config/config.guess found
configure:3268:   ./config/config.sub found
configure:3268:   ./config/missing found
configure:3250:   ./config/install-sh found
configure:3391: No --program-prefix given, using "eu-"
configure:3424: checking for a BSD-compatible install
configure:3497: result: /usr/bin/install -c
configure:3508: checking whether build environment is sane
configure:3563: result: yes
configure:3722: checking for a race-free mkdir -p
configure:3766: result: /usr/bin/mkdir -p
configure:3773: checking for gawk
configure:3808: result: no
configure:3773: checking for mawk
configure:3794: found /usr/bin/mawk
configure:3805: result: mawk
configure:3816: checking whether make sets $(MAKE)
configure:3839: result: yes
configure:3869: checking whether make supports nested variables
configure:3887: result: yes
configure:4024: checking whether to enable maintainer-specific portions of Makefiles
configure:4034: result: no
configure:4060: checking whether make supports nested variables
configure:4078: result: yes
configure:4108: checking build system type
configure:4123: result: x86_64-pc-linux-gnu
configure:4143: checking host system type
configure:4157: result: x86_64-pc-linux-gnu
configure:4286: checking for gcc
configure:4307: found /usr/bin/gcc
configure:4318: result: gcc
configure:4671: checking for C compiler version
configure:4680: gcc --version >&5
gcc (Debian 14.2.0-19) 14.2.0
Copyright (C) 2024 Free Software Foundation, Inc.
This is free software; see the source for copying conditions.  There is NO
warranty; not even for MERCHANTABILITY or FITNESS FOR A PARTICULAR PURPOSE.

configure:4691: $? = 0
configure:4680: gcc -v >&5
Using built-in specs.
COLLECT_GCC=gcc
COLLECT_LTO_WRAPPER=/usr/libexec/gcc/x86_64-linux-gnu/14/lto-wrapper
OFFLOAD_TARGET_NAMES=nvptx-none:amdgcn-amdhsa
OFFLOAD_TARGET_DEFAULT=1
Target: x86_64-linux-gnu
Configured with: ../src/configure -v --with-pkgversion='Debian 14.2.0-19' --with-bugurl=file:///usr/share/doc/gcc-14/README.Bugs --enable-languages=c,ada,c++,go,d,fortran,objc,obj-c++,m2,rust --prefix=/usr --with-gcc-major-version-only --program-suffix=-14 --program-prefix=x86_64-linux-gnu- --enable-shared --enable-linker-build-id --libexecdir=/usr/libexec --without-included-gettext --enable-threads=posix --libdir=/usr/lib --enable-nls --enable-bootstrap --enable-clocale=gnu --enable-libstdcxx-debug --enable-libstdcxx-time=yes --with-default-libstdcxx-abi=new --enable-libstdcxx-backtrace --enable-gnu-unique-object --disable-vtable-verify --enable-plugin --enable-default-pie --with-system-zlib --enable-libphobos-checking=release --with-target-system-zlib=auto --enable-objc-gc=auto --enable-multiarch --disable-werror --enable-cet --with-arch-32=i686 --with-abi=m64 --with-multilib-list=m32,m64,mx32 --enable-multilib --with-tune=generic --enable-offload-targets=nvptx-none=/build/reproducible-path/gcc-14-14.2.0/debian/tmp-nvptx/usr,amdgcn-amdhsa=/build/reproducible-path/gcc-14-14.2.0/debian/tmp-gcn/usr --enable-offload-defaulted --without-cuda-driver --enable-checking=release --build=x86_64-linux-gnu --host=x86_64-linux-gnu --target=x86_64-linux-gnu --with-build-config=bootstrap-lto-lean --enable-link-serialization=3
Thread model: posix
Supported LTO compression algorithms: zlib zstd
gcc version 14.2.0 (Debian 14.2.0-19) 
... rest of stderr output deleted ...
configure:4691: $? = 0
configure:4680: gcc -V >&5
gcc: error: unrecognized command-line option '-V'
gcc: fatal error: no input files
compilation terminated.
configure:4691: $? = 1
configure:4680: gcc -qversion >&5
gcc: error: unrecognized command-line option '-qversion'; did you mean '--version'?
gcc: fatal error: no input files
compilation terminated.
configure:4691: $? = 1
configure:4680: gcc -version >&5
gcc: error: unrecognized command-line option '-version'
gcc: fatal error: no input files
compilation terminated.
configure:4691: $? = 1
configure:4711: checking whether the C compiler works
configure:4733: gcc    conftest.c  >&5
configure:4737: $? = 0
configure:4787: result: yes
configure:4790: checking for C compiler default output file name
configure:4792: result: a.out
configure:4798: checking for suffix of executables
configure:4805: gcc -o conftest    conftest.c  >&5
configure:4809: $? = 0
configure:4832: result: 
configure:4854: checking whether we are cross compiling
configure:4862: gcc -o conftest    conftest.c  >&5
configure:4866: $? = 0
configure:4873: ./conftest
configure:4877: $? = 0
configure:4892: result: no
configure:4897: checking for suffix of object files
configure:4920: gcc -c   conftest.c >&5
configure:4924: $? = 0
configure:4946: result: o
configure:4950: checking whether the compiler supports GNU C
configure:4970: gcc -c   conftest.c >&5
configure:4970: $? = 0
configure:4980: result: yes
configure:4991: checking whether gcc accepts -g
configure:5012: gcc -c -g  conftest.c >&5
configure:5012: $? = 0
configure:5056: result: yes
configure:5076: checking for gcc option to enable C11 features
configure:5091: gcc  -c -g -O2  conftest.c >&5
configure:5091: $? = 0
configure:5109: result: none needed
configure:5225: checking whether gcc understands -c and -o together
configure:5248: gcc -c conftest.c -o conftest2.o
configure:5251: $? = 0
configure:5248: gcc -c conftest.c -o conftest2.o
configure:5251: $? = 0
configure:5263: result: yes
configure:5283: checking whether make supports the include directive
configure:5298: make -f confmf.GNU && cat confinc.out
this is the am__doit target
configure:5301: $? = 0
configure:5320: result: yes (GNU style)
configure:5346: checking dependency style of gcc
configure:5458: result: gcc3
configure:5542: checking for g++
configure:5563: found /usr/bin/g++
configure:5574: result: g++
configure:5601: checking for C++ compiler version
configure:5610: g++ --version >&5
g++ (Debian 14.2.0-19) 14.2.0
Copyright (C) 2024 Free Software Foundation, Inc.
This is free software; see the source for copying conditions.  There is NO
warranty; not even for MERCHANTABILITY or FITNESS FOR A PARTICULAR PURPOSE.

configure:5621: $? = 0
configure:5610: g++ -v >&5
Using built-in specs.
COLLECT_GCC=g++
COLLECT_LTO_WRAPPER=/usr/libexec/gcc/x86_64-linux-gnu/14/lto-wrapper
OFFLOAD_TARGET_NAMES=nvptx-none:amdgcn-amdhsa
OFFLOAD_TARGET_DEFAULT=1
Target: x86_64-linux-gnu
Configured with: ../src/configure -v --with-pkgversion='Debian 14.2.0-19' --with-bugurl=file:///usr/share/doc/gcc-14/README.Bugs --enable-languages=c,ada,c++,go,d,fortran,objc,obj-c++,m2,rust --prefix=/usr --with-gcc-major-version-only --program-suffix=-14 --program-prefix=x86_64-linux-gnu- --enable-shared --enable-linker-build-id --libexecdir=/usr/libexec --without-included-gettext --enable-threads=posix --libdir=/usr/lib --enable-nls --enable-bootstrap --enable-clocale=gnu --enable-libstdcxx-debug --enable-libstdcxx-time=yes --with-default-libstdcxx-abi=new --enable-libstdcxx-backtrace --enable-gnu-unique-object --disable-vtable-verify --enable-plugin --enable-default-pie --with-system-zlib --enable-libphobos-checking=release --with-target-system-zlib=auto --enable-objc-gc=auto --enable-multiarch --disable-werror --enable-cet --with-arch-32=i686 --with-abi=m64 --with-multilib-list=m32,m64,mx32 --enable-multilib --with-tune=generic --enable-offload-targets=nvptx-none=/build/reproducible-path/gcc-14-14.2.0/debian/tmp-nvptx/usr,amdgcn-amdhsa=/build/reproducible-path/gcc-14-14.2.0/debian/tmp-gcn/usr --enable-offload-defaulted --without-cuda-driver --enable-checking=release --build=x86_64-linux-gnu --host=x86_64-linux-gnu --target=x86_64-linux-gnu --with-build-config=bootstrap-lto-lean --enable-link-serialization=3
Thread model: posix
Supported LTO compression algorithms: zlib zstd
gcc version 14.2.0 (Debian 14.2.0-19) 
... rest of stderr output deleted ...
configure:5621: $? = 0
configure:5610: g++ -V >&5
g++: error: unrecognized command-line option '-V'
g++: fatal error: no input files
compilation terminated.
configure:5621: $? = 1
configure:5610: g++ -qversion >&5
g++: error: unrecognized command-line option '-qversion'; did you mean '--version'?
g++: fatal error: no input files
compilation terminated.
configure:5621: $? = 1
configure:5625: checking whether the compiler supports GNU C++
configure:5645: g++ -c   conftest.cpp >&5
configure:5645: $? = 0
configure:5655: result: yes
configure:5666: checking whether g++ accepts -g
configure:5687: g++ -c -g  conftest.cpp >&5
configure:5687: $? = 0
configure:5731: result: yes
configure:5751: checking for g++ option to enable C++11 features
configure:5766: g++  -c -g -O2  conftest.cpp >&5
conftest.cpp: In function 'int main(int, char**)':
conftest.cpp:178:25: warning: empty parentheses were disambiguated as a function declaration [-Wvexing-parse]
  178 |   cxx11test::delegate d2();
      |                         ^~
conftest.cpp:178:25: note: remove parentheses to default-initialize a variable
  178 |   cxx11test::delegate d2();
      |                         ^~
      |                         --
conftest.cpp:178:25: note: or replace parentheses with braces to value-initialize a variable
configure:5766: $? = 0
configure:5784: result: none needed
configure:5850: checking dependency style of g++
configure:5962: result: gcc3
configure:6025: checking for ranlib
configure:6046: found /usr/bin/ranlib
configure:6057: result: ranlib
configure:6083: checking for bison
configure:6118: result: no
configure:6083: checking for byacc
configure:6118: result: no
configure:6132: checking for flex
configure:6167: result: no
configure:6132: checking for lex
configure:6167: result: no
configure:6402: checking for ar
configure:6423: found /usr/bin/ar
configure:6434: result: ar
configure:6460: checking the archiver (ar) interface
configure:6477: gcc -c -g -O2  conftest.c >&5
configure:6477: $? = 0
configure:6480: ar cru libconftest.a conftest.o >&5
ar: `u' modifier ignored since `D' is the default (see `U')
configure:6483: $? = 0
configure:6511: result: ar
configure:6579: checking for readelf
configure:6600: found /usr/bin/readelf
configure:6611: result: readelf
configure:6681: checking for nm
configure:6702: found /usr/bin/nm
configure:6713: result: nm
configure:6736: checking whether gcc supports __attribute__((visibility()))
configure:6752: gcc -c -g -O2 -Werror  conftest.c >&5
configure:6752: $? = 0
configure:6761: result: yes
configure:6769: checking whether gcc supports __attribute__((gcc_struct))
configure:6782: gcc -c -g -O2 -Werror  conftest.c >&5
configure:6782: $? = 0
configure:6791: result: yes
configure:6799: checking whether gcc supports -fPIC
configure:6811: gcc -c -g -O2 -fPIC -Werror  conftest.c >&5
configure:6811: $? = 0
configure:6821: result: yes
configure:6830: checking whether gcc supports -fPIE
configure:6842: gcc -c -g -O2 -fPIE -Werror  conftest.c >&5
configure:6842: $? = 0
configure:6852: result: yes
configure:6913: checking whether gcc supports -Wl,-z,defs
configure:6932: gcc -o conftest -g -O2  -Wl,-z,defs  conftest.c  >&5
configure:6932: $? = 0
configure:6943: result: yes
configure:6951: checking whether the compiler generates build-ids
configure:6968: gcc -o conftest -g -O2   conftest.c  >&5
configure:6968: $? = 0
configure:6980: result: yes
configure:6989: checking whether gcc supports -Wl,-z,relro
configure:7008: gcc -o conftest -g -O2  -Wl,-z,relro  conftest.c  >&5
configure:7008: $? = 0
configure:7019: result: yes
configure:7027: checking for __thread support
configure:7052: gcc -o conftest -fPIC -g -O2  -shared -Wl,-z,defs -Wl,-z,relro  conftest.c  >&5
configure:7052: $? = 0
configure:7063: result: yes
configure:7070: checking whether gcc provides stdatomic.h
configure:7080: gcc -c -g -O2  conftest.c >&5
configure:7080: $? = 0
configure:7088: result: yes
configure:7114: checking for special C compiler options needed for large files
configure:7162: result: no
configure:7168: checking for _FILE_OFFSET_BITS value needed for large files
configure:7194: gcc -c -g -O2  conftest.c >&5
configure:7194: $? = 0
configure:7228: result: no
configure:7311: checking whether fts.h is bad when included (with LFS)
configure:7321: gcc -c -g -O2  conftest.c >&5
configure:7321: $? = 0
configure:7329: result: no
configure:7339: checking whether to add -D_FORTIFY_SOURCE=2 or =3 to CFLAGS
configure:7358: gcc -c -D_FORTIFY_SOURCE=3 -g -O2 -Werror  conftest.c >&5
configure:7358: $? = 0
configure:7360: result: yes -D_FORTIFY_SOURCE=3
configure:7855: checking for library containing gzdirect
configure:7885: gcc -o conftest -D_FORTIFY_SOURCE=3 -g -O2   conftest.c  >&5
/usr/bin/ld: /tmp/ccyni125.o: in function `main':
/home/z/my-project/os-build/src/elfutils-0.191/conftest.c:24:(.text.startup+0x7): undefined reference to `gzdirect'
collect2: error: ld returned 1 exit status
configure:7885: $? = 1
configure: failed program was:
| /* confdefs.h */
| #define PACKAGE_NAME "elfutils"
| #define PACKAGE_TARNAME "elfutils"
| #define PACKAGE_VERSION "0.191"
| #define PACKAGE_STRING "elfutils 0.191"
| #define PACKAGE_BUGREPORT "https://sourceware.org/bugzilla"
| #define PACKAGE_URL "http://elfutils.org/"
| #define PACKAGE "elfutils"
| #define VERSION "0.191"
| #define DEFAULT_AR_DETERMINISTIC false
| #define HAVE_VISIBILITY 1
| #define HAVE_GCC_STRUCT 1
| #define HAVE_STDATOMIC_H 1
| #define CHECK_UNDEFINED 0
| /* end confdefs.h.  */
| 
| /* Override any GCC internal prototype to avoid an error.
|    Use char because int might match the return type of a GCC
|    builtin and then its argument prototype would still apply.  */
| char gzdirect ();
| int
| main (void)
| {
| return gzdirect ();
|   ;
|   return 0;
| }
configure:7885: gcc -o conftest -D_FORTIFY_SOURCE=3 -g -O2   conftest.c -lz   >&5
configure:7885: $? = 0
configure:7905: result: -lz
configure:7951: checking for library containing BZ2_bzdopen
configure:7981: gcc -o conftest -D_FORTIFY_SOURCE=3 -g -O2   conftest.c  >&5
/usr/bin/ld: /tmp/ccE13jdM.o: in function `main':
/home/z/my-project/os-build/src/elfutils-0.191/conftest.c:25:(.text.startup+0x7): undefined reference to `BZ2_bzdopen'
collect2: error: ld returned 1 exit status
configure:7981: $? = 1
configure: failed program was:
| /* confdefs.h */
| #define PACKAGE_NAME "elfutils"
| #define PACKAGE_TARNAME "elfutils"
| #define PACKAGE_VERSION "0.191"
| #define PACKAGE_STRING "elfutils 0.191"
| #define PACKAGE_BUGREPORT "https://sourceware.org/bugzilla"
| #define PACKAGE_URL "http://elfutils.org/"
| #define PACKAGE "elfutils"
| #define VERSION "0.191"
| #define DEFAULT_AR_DETERMINISTIC false
| #define HAVE_VISIBILITY 1
| #define HAVE_GCC_STRUCT 1
| #define HAVE_STDATOMIC_H 1
| #define CHECK_UNDEFINED 0
| #define USE_ZLIB 1
| /* end confdefs.h.  */
| 
| /* Override any GCC internal prototype to avoid an error.
|    Use char because int might match the return type of a GCC
|    builtin and then its argument prototype would still apply.  */
| char BZ2_bzdopen ();
| int
| main (void)
| {
| return BZ2_bzdopen ();
|   ;
|   return 0;
| }
configure:7981: gcc -o conftest -D_FORTIFY_SOURCE=3 -g -O2   conftest.c -lbz2   >&5
configure:7981: $? = 0
configure:8001: result: -lbz2
configure:8042: checking for library containing lzma_auto_decoder
configure:8072: gcc -o conftest -D_FORTIFY_SOURCE=3 -g -O2   conftest.c -lbz2  >&5
/usr/bin/ld: /tmp/ccIqVTDj.o: in function `main':
/home/z/my-project/os-build/src/elfutils-0.191/conftest.c:26:(.text.startup+0x7): undefined reference to `lzma_auto_decoder'
collect2: error: ld returned 1 exit status
configure:8072: $? = 1
configure: failed program was:
| /* confdefs.h */
| #define PACKAGE_NAME "elfutils"
| #define PACKAGE_TARNAME "elfutils"
| #define PACKAGE_VERSION "0.191"
| #define PACKAGE_STRING "elfutils 0.191"
| #define PACKAGE_BUGREPORT "https://sourceware.org/bugzilla"
| #define PACKAGE_URL "http://elfutils.org/"
| #define PACKAGE "elfutils"
| #define VERSION "0.191"
| #define DEFAULT_AR_DETERMINISTIC false
| #define HAVE_VISIBILITY 1
| #define HAVE_GCC_STRUCT 1
| #define HAVE_STDATOMIC_H 1
| #define CHECK_UNDEFINED 0
| #define USE_ZLIB 1
| #define USE_BZLIB 1
| /* end confdefs.h.  */
| 
| /* Override any GCC internal prototype to avoid an error.
|    Use char because int might match the return type of a GCC
|    builtin and then its argument prototype would still apply.  */
| char lzma_auto_decoder ();
| int
| main (void)
| {
| return lzma_auto_decoder ();
|   ;
|   return 0;
| }
configure:8072: gcc -o conftest -D_FORTIFY_SOURCE=3 -g -O2   conftest.c -llzma  -lbz2  >&5
configure:8072: $? = 0
configure:8092: result: -llzma
configure:8137: checking for library containing ZSTD_decompress
configure:8167: gcc -o conftest -D_FORTIFY_SOURCE=3 -g -O2   conftest.c -llzma -lbz2  >&5
/usr/bin/ld: /tmp/cciKNs5k.o: in function `main':
/home/z/my-project/os-build/src/elfutils-0.191/conftest.c:27:(.text.startup+0x7): undefined reference to `ZSTD_decompress'
collect2: error: ld returned 1 exit status
configure:8167: $? = 1
configure: failed program was:
| /* confdefs.h */
| #define PACKAGE_NAME "elfutils"
| #define PACKAGE_TARNAME "elfutils"
| #define PACKAGE_VERSION "0.191"
| #define PACKAGE_STRING "elfutils 0.191"
| #define PACKAGE_BUGREPORT "https://sourceware.org/bugzilla"
| #define PACKAGE_URL "http://elfutils.org/"
| #define PACKAGE "elfutils"
| #define VERSION "0.191"
| #define DEFAULT_AR_DETERMINISTIC false
| #define HAVE_VISIBILITY 1
| #define HAVE_GCC_STRUCT 1
| #define HAVE_STDATOMIC_H 1
| #define CHECK_UNDEFINED 0
| #define USE_ZLIB 1
| #define USE_BZLIB 1
| #define USE_LZMA 1
| /* end confdefs.h.  */
| 
| /* Override any GCC internal prototype to avoid an error.
|    Use char because int might match the return type of a GCC
|    builtin and then its argument prototype would still apply.  */
| char ZSTD_decompress ();
| int
| main (void)
| {
| return ZSTD_decompress ();
|   ;
|   return 0;
| }
configure:8167: gcc -o conftest -D_FORTIFY_SOURCE=3 -g -O2   conftest.c -lzstd  -llzma -lbz2  >&5
configure:8167: $? = 0
configure:8187: result: -lzstd
configure:8290: checking for pkg-config
configure:8313: found /usr/bin/pkg-config
configure:8325: result: /usr/bin/pkg-config
configure:8350: checking pkg-config is at least version 0.9.0
configure:8353: result: yes
configure:8363: checking for libzstd >= 1.4.0
configure:8370: $PKG_CONFIG --exists --print-errors "libzstd >= 1.4.0"
configure:8373: $? = 0
configure:8387: $PKG_CONFIG --exists --print-errors "libzstd >= 1.4.0"
configure:8390: $? = 0
configure:8428: result: yes
configure:8450: checking for gcc options needed to detect all undeclared functions
configure:8472: gcc -c -D_FORTIFY_SOURCE=3 -g -O2   conftest.c >&5
conftest.c: In function 'main':
conftest.c:25:8: error: 'strchr' undeclared (first use in this function)
   25 | (void) strchr;
      |        ^~~~~~
conftest.c:1:1: note: 'strchr' is defined in header '<string.h>'; this is probably fixable by adding '#include <string.h>'
    1 | /* confdefs.h */
conftest.c:25:8: note: each undeclared identifier is reported only once for each function it appears in
   25 | (void) strchr;
      |        ^~~~~~
configure:8472: $? = 1
configure: failed program was:
| /* confdefs.h */
| #define PACKAGE_NAME "elfutils"
| #define PACKAGE_TARNAME "elfutils"
| #define PACKAGE_VERSION "0.191"
| #define PACKAGE_STRING "elfutils 0.191"
| #define PACKAGE_BUGREPORT "https://sourceware.org/bugzilla"
| #define PACKAGE_URL "http://elfutils.org/"
| #define PACKAGE "elfutils"
| #define VERSION "0.191"
| #define DEFAULT_AR_DETERMINISTIC false
| #define HAVE_VISIBILITY 1
| #define HAVE_GCC_STRUCT 1
| #define HAVE_STDATOMIC_H 1
| #define CHECK_UNDEFINED 0
| #define USE_ZLIB 1
| #define USE_BZLIB 1
| #define USE_LZMA 1
| #define USE_ZSTD 1
| #define USE_ZSTD_COMPRESS 1
| /* end confdefs.h.  */
| 
| int
| main (void)
| {
| (void) strchr;
|   ;
|   return 0;
| }
configure:8499: gcc -c -D_FORTIFY_SOURCE=3 -g -O2   conftest.c >&5
configure:8499: $? = 0
configure:8516: result: none needed
configure:8530: checking whether memrchr is declared
configure:8530: gcc -c -D_FORTIFY_SOURCE=3 -g -O2   conftest.c >&5
configure:8530: $? = 0
configure:8530: result: yes
configure:8540: checking whether rawmemchr is declared
configure:8540: gcc -c -D_FORTIFY_SOURCE=3 -g -O2   conftest.c >&5
configure:8540: $? = 0
configure:8540: result: yes
configure:8551: checking whether powerof2 is declared
configure:8551: gcc -c -D_FORTIFY_SOURCE=3 -g -O2   conftest.c >&5
configure:8551: $? = 0
configure:8551: result: yes
configure:8561: checking whether mempcpy is declared
configure:8561: gcc -c -D_FORTIFY_SOURCE=3 -g -O2   conftest.c >&5
configure:8561: $? = 0
configure:8561: result: yes
configure:8572: checking whether reallocarray is declared
configure:8572: gcc -c -D_FORTIFY_SOURCE=3 -g -O2   conftest.c >&5
configure:8572: $? = 0
configure:8572: result: yes
configure:8584: checking for process_vm_readv
configure:8584: gcc -o conftest -D_FORTIFY_SOURCE=3 -g -O2   conftest.c  >&5
configure:8584: $? = 0
configure:8584: result: yes
configure:8590: checking for mremap
configure:8590: gcc -o conftest -D_FORTIFY_SOURCE=3 -g -O2   conftest.c  >&5
configure:8590: $? = 0
configure:8590: result: yes
configure:8608: checking for stdio.h
configure:8608: gcc -c -D_FORTIFY_SOURCE=3 -g -O2  conftest.c >&5
configure:8608: $? = 0
configure:8608: result: yes
configure:8608: checking for stdlib.h
configure:8608: gcc -c -D_FORTIFY_SOURCE=3 -g -O2  conftest.c >&5
configure:8608: $? = 0
configure:8608: result: yes
configure:8608: checking for string.h
configure:8608: gcc -c -D_FORTIFY_SOURCE=3 -g -O2  conftest.c >&5
configure:8608: $? = 0
configure:8608: result: yes
configure:8608: checking for inttypes.h
configure:8608: gcc -c -D_FORTIFY_SOURCE=3 -g -O2  conftest.c >&5
configure:8608: $? = 0
configure:8608: result: yes
configure:8608: checking for stdint.h
configure:8608: gcc -c -D_FORTIFY_SOURCE=3 -g -O2  conftest.c >&5
configure:8608: $? = 0
configure:8608: result: yes
configure:8608: checking for strings.h
configure:8608: gcc -c -D_FORTIFY_SOURCE=3 -g -O2  conftest.c >&5
configure:8608: $? = 0
configure:8608: result: yes
configure:8608: checking for sys/stat.h
configure:8608: gcc -c -D_FORTIFY_SOURCE=3 -g -O2  conftest.c >&5
configure:8608: $? = 0
configure:8608: result: yes
configure:8608: checking for sys/types.h
configure:8608: gcc -c -D_FORTIFY_SOURCE=3 -g -O2  conftest.c >&5
configure:8608: $? = 0
configure:8608: result: yes
configure:8608: checking for unistd.h
configure:8608: gcc -c -D_FORTIFY_SOURCE=3 -g -O2  conftest.c >&5
configure:8608: $? = 0
configure:8608: result: yes
configure:8633: checking for error.h
configure:8633: gcc -c -D_FORTIFY_SOURCE=3 -g -O2  conftest.c >&5
configure:8633: $? = 0
configure:8633: result: yes
configure:8640: checking for err.h
configure:8640: gcc -c -D_FORTIFY_SOURCE=3 -g -O2  conftest.c >&5
configure:8640: $? = 0
configure:8640: result: yes
configure:8648: checking for sched.h
configure:8648: gcc -c -D_FORTIFY_SOURCE=3 -g -O2  conftest.c >&5
configure:8648: $? = 0
configure:8648: result: yes
configure:8655: checking for sched_getaffinity
configure:8655: gcc -o conftest -D_FORTIFY_SOURCE=3 -g -O2   conftest.c  >&5
configure:8655: $? = 0
configure:8655: result: yes
configure:8662: checking for sys/resource.h
configure:8662: gcc -c -D_FORTIFY_SOURCE=3 -g -O2  conftest.c >&5
configure:8662: $? = 0
configure:8662: result: yes
configure:8669: checking for getrlimit
configure:8669: gcc -o conftest -D_FORTIFY_SOURCE=3 -g -O2   conftest.c  >&5
configure:8669: $? = 0
configure:8669: result: yes
configure:8679: checking whether strerror_r is declared
configure:8679: gcc -c -D_FORTIFY_SOURCE=3 -g -O2 -D_GNU_SOURCE   conftest.c >&5
configure:8679: $? = 0
configure:8679: result: yes
configure:8698: checking whether strerror_r returns char *
configure:8723: gcc -c -D_FORTIFY_SOURCE=3 -g -O2 -D_GNU_SOURCE  conftest.c >&5
configure:8723: $? = 0
configure:8732: result: yes
configure:8752: checking for __cxa_demangle in -lstdc++
configure:8775: gcc -o conftest -D_FORTIFY_SOURCE=3 -g -O2   conftest.c -lstdc++   >&5
configure:8775: $? = 0
configure:8785: result: yes
configure:8847: checking whether symbol versioning is supported
configure:8861: gcc -c -D_FORTIFY_SOURCE=3 -g -O2  conftest.c >&5
configure:8861: $? = 0
configure:8869: result: yes
configure:8895: checking whether gcc accepts -Wstack-usage
configure:8907: gcc -c -D_FORTIFY_SOURCE=3 -g -O2 -Wstack-usage=262144 -Werror  conftest.c >&5
configure:8907: $? = 0
configure:8916: result: yes
configure:8928: checking whether gcc has a sane -Wlogical-op
configure:8941: gcc -c -D_FORTIFY_SOURCE=3 -g -O2 -Wlogical-op -Werror  conftest.c >&5
configure:8941: $? = 0
configure:8950: result: yes
configure:8962: checking whether gcc accepts -Wduplicated-cond
configure:8974: gcc -c -D_FORTIFY_SOURCE=3 -g -O2 -Wduplicated-cond -Werror  conftest.c >&5
configure:8974: $? = 0
configure:8983: result: yes
configure:8995: checking whether gcc accepts -Wnull-dereference
configure:9007: gcc -c -D_FORTIFY_SOURCE=3 -g -O2 -Wnull-dereference -Werror  conftest.c >&5
configure:9007: $? = 0
configure:9016: result: yes
configure:9028: checking whether gcc accepts -Wimplicit-fallthrough
configure:9040: gcc -c -D_FORTIFY_SOURCE=3 -g -O2 -Wimplicit-fallthrough -Werror  conftest.c >&5
configure:9040: $? = 0
configure:9049: result: yes
configure:9063: checking whether the compiler accepts -Wimplicit-fallthrough=5
configure:9075: gcc -c -D_FORTIFY_SOURCE=3 -g -O2 -Wimplicit-fallthrough=5 -Werror  conftest.c >&5
configure:9075: $? = 0
configure:9084: result: yes
configure:9102: checking whether the compiler accepts -Wtrampolines
configure:9114: gcc -c -D_FORTIFY_SOURCE=3 -g -O2 -Wtrampolines -Werror  conftest.c >&5
configure:9114: $? = 0
configure:9123: result: yes
configure:9134: checking whether the compiler accepts -Wno-packed-not-aligned
configure:9146: gcc -c -D_FORTIFY_SOURCE=3 -g -O2 -Wno-packed-not-aligned -Werror  conftest.c >&5
configure:9146: $? = 0
configure:9155: result: yes
configure:9166: checking whether the compiler accepts -Wuse-after-free=3
configure:9178: gcc -c -D_FORTIFY_SOURCE=3 -g -O2 -Wuse-after-free=3 -Werror  conftest.c >&5
configure:9178: $? = 0
configure:9187: result: yes
configure:9198: checking whether the compiler accepts -fno-addrsig
configure:9210: gcc -c -D_FORTIFY_SOURCE=3 -g -O2 -fno-addrsig -Werror  conftest.c >&5
gcc: error: unrecognized command-line option '-fno-addrsig'
configure:9210: $? = 1
configure: failed program was:
| /* confdefs.h */
| #define PACKAGE_NAME "elfutils"
| #define PACKAGE_TARNAME "elfutils"
| #define PACKAGE_VERSION "0.191"
| #define PACKAGE_STRING "elfutils 0.191"
| #define PACKAGE_BUGREPORT "https://sourceware.org/bugzilla"
| #define PACKAGE_URL "http://elfutils.org/"
| #define PACKAGE "elfutils"
| #define VERSION "0.191"
| #define DEFAULT_AR_DETERMINISTIC false
| #define HAVE_VISIBILITY 1
| #define HAVE_GCC_STRUCT 1
| #define HAVE_STDATOMIC_H 1
| #define CHECK_UNDEFINED 0
| #define USE_ZLIB 1
| #define USE_BZLIB 1
| #define USE_LZMA 1
| #define USE_ZSTD 1
| #define USE_ZSTD_COMPRESS 1
| #define HAVE_DECL_MEMRCHR 1
| #define HAVE_DECL_RAWMEMCHR 1
| #define HAVE_DECL_POWEROF2 1
| #define HAVE_DECL_MEMPCPY 1
| #define HAVE_DECL_REALLOCARRAY 1
| #define HAVE_PROCESS_VM_READV 1
| #define HAVE_MREMAP 1
| #define HAVE_STDIO_H 1
| #define HAVE_STDLIB_H 1
| #define HAVE_STRING_H 1
| #define HAVE_INTTYPES_H 1
| #define HAVE_STDINT_H 1
| #define HAVE_STRINGS_H 1
| #define HAVE_SYS_STAT_H 1
| #define HAVE_SYS_TYPES_H 1
| #define HAVE_UNISTD_H 1
| #define STDC_HEADERS 1
| #define HAVE_ERROR_H 1
| #define HAVE_ERR_H 1
| #define HAVE_SCHED_H 1
| #define HAVE_SCHED_GETAFFINITY 1
| #define HAVE_SYS_RESOURCE_H 1
| #define HAVE_GETRLIMIT 1
| #define HAVE_DECL_STRERROR_R 1
| #define HAVE_STRERROR_R 1
| #define STRERROR_R_CHAR_P 1
| #define USE_DEMANGLE 1
| #define HAVE_FALLTHROUGH 1
| /* end confdefs.h.  */
| 
configure:9219: result: no
configure:9227: checking for library containing argp_parse
configure:9257: gcc -o conftest -D_FORTIFY_SOURCE=3 -g -O2   conftest.c  >&5
configure:9257: $? = 0
configure:9277: result: none required
configure:9298: checking for library containing fts_close
configure:9328: gcc -o conftest -D_FORTIFY_SOURCE=3 -g -O2   conftest.c  >&5
configure:9328: $? = 0
configure:9348: result: none required
configure:9369: checking for library containing _obstack_free
configure:9399: gcc -o conftest -D_FORTIFY_SOURCE=3 -g -O2   conftest.c  >&5
configure:9399: $? = 0
configure:9419: result: none required
configure:9479: checking for a sed that does not truncate output
configure:9549: result: /usr/bin/sed
configure:9555: checking whether NLS is requested
configure:9565: result: yes
configure:9605: checking for msgfmt
configure:9641: result: no
configure:9647: checking for gmsgfmt
configure:9683: result: :
configure:9728: checking for xgettext
configure:9764: result: no
configure:9806: checking for msgmerge
configure:9841: result: no
configure:9906: checking for ld used by gcc
configure:10034: result: /usr/bin/ld
configure:10041: checking if the linker (/usr/bin/ld) is GNU ld
configure:10057: result: yes
configure:10065: checking for shared library run path origin
configure:10079: result: done
configure:10101: checking 32-bit host C ABI
configure:10168: gcc -c -D_FORTIFY_SOURCE=3 -g -O2  conftest.c >&5
configure:10168: $? = 0
configure:10364: result: no
configure:10374: checking how to run the C preprocessor
configure:10400: gcc -E  conftest.c
configure:10400: $? = 0
configure:10415: gcc -E  conftest.c
conftest.c:49:10: fatal error: ac_nonexistent.h: No such file or directory
   49 | #include <ac_nonexistent.h>
      |          ^~~~~~~~~~~~~~~~~~
compilation terminated.
configure:10415: $? = 1
configure: failed program was:
| /* confdefs.h */
| #define PACKAGE_NAME "elfutils"
| #define PACKAGE_TARNAME "elfutils"
| #define PACKAGE_VERSION "0.191"
| #define PACKAGE_STRING "elfutils 0.191"
| #define PACKAGE_BUGREPORT "https://sourceware.org/bugzilla"
| #define PACKAGE_URL "http://elfutils.org/"
| #define PACKAGE "elfutils"
| #define VERSION "0.191"
| #define DEFAULT_AR_DETERMINISTIC false
| #define HAVE_VISIBILITY 1
| #define HAVE_GCC_STRUCT 1
| #define HAVE_STDATOMIC_H 1
| #define CHECK_UNDEFINED 0
| #define USE_ZLIB 1
| #define USE_BZLIB 1
| #define USE_LZMA 1
| #define USE_ZSTD 1
| #define USE_ZSTD_COMPRESS 1
| #define HAVE_DECL_MEMRCHR 1
| #define HAVE_DECL_RAWMEMCHR 1
| #define HAVE_DECL_POWEROF2 1
| #define HAVE_DECL_MEMPCPY 1
| #define HAVE_DECL_REALLOCARRAY 1
| #define HAVE_PROCESS_VM_READV 1
| #define HAVE_MREMAP 1
| #define HAVE_STDIO_H 1
| #define HAVE_STDLIB_H 1
| #define HAVE_STRING_H 1
| #define HAVE_INTTYPES_H 1
| #define HAVE_STDINT_H 1
| #define HAVE_STRINGS_H 1
| #define HAVE_SYS_STAT_H 1
| #define HAVE_SYS_TYPES_H 1
| #define HAVE_UNISTD_H 1
| #define STDC_HEADERS 1
| #define HAVE_ERROR_H 1
| #define HAVE_ERR_H 1
| #define HAVE_SCHED_H 1
| #define HAVE_SCHED_GETAFFINITY 1
| #define HAVE_SYS_RESOURCE_H 1
| #define HAVE_GETRLIMIT 1
| #define HAVE_DECL_STRERROR_R 1
| #define HAVE_STRERROR_R 1
| #define STRERROR_R_CHAR_P 1
| #define USE_DEMANGLE 1
| #define HAVE_FALLTHROUGH 1
| /* end confdefs.h.  */
| #include <ac_nonexistent.h>
configure:10442: result: gcc -E
configure:10456: gcc -E  conftest.c
configure:10456: $? = 0
configure:10471: gcc -E  conftest.c
conftest.c:49:10: fatal error: ac_nonexistent.h: No such file or directory
   49 | #include <ac_nonexistent.h>
      |          ^~~~~~~~~~~~~~~~~~
compilation terminated.
configure:10471: $? = 1
configure: failed program was:
| /* confdefs.h */
| #define PACKAGE_NAME "elfutils"
| #define PACKAGE_TARNAME "elfutils"
| #define PACKAGE_VERSION "0.191"
| #define PACKAGE_STRING "elfutils 0.191"
| #define PACKAGE_BUGREPORT "https://sourceware.org/bugzilla"
| #define PACKAGE_URL "http://elfutils.org/"
| #define PACKAGE "elfutils"
| #define VERSION "0.191"
| #define DEFAULT_AR_DETERMINISTIC false
| #define HAVE_VISIBILITY 1
| #define HAVE_GCC_STRUCT 1
| #define HAVE_STDATOMIC_H 1
| #define CHECK_UNDEFINED 0
| #define USE_ZLIB 1
| #define USE_BZLIB 1
| #define USE_LZMA 1
| #define USE_ZSTD 1
| #define USE_ZSTD_COMPRESS 1
| #define HAVE_DECL_MEMRCHR 1
| #define HAVE_DECL_RAWMEMCHR 1
| #define HAVE_DECL_POWEROF2 1
| #define HAVE_DECL_MEMPCPY 1
| #define HAVE_DECL_REALLOCARRAY 1
| #define HAVE_PROCESS_VM_READV 1
| #define HAVE_MREMAP 1
| #define HAVE_STDIO_H 1
| #define HAVE_STDLIB_H 1
| #define HAVE_STRING_H 1
| #define HAVE_INTTYPES_H 1
| #define HAVE_STDINT_H 1
| #define HAVE_STRINGS_H 1
| #define HAVE_SYS_STAT_H 1
| #define HAVE_SYS_TYPES_H 1
| #define HAVE_UNISTD_H 1
| #define STDC_HEADERS 1
| #define HAVE_ERROR_H 1
| #define HAVE_ERR_H 1
| #define HAVE_SCHED_H 1
| #define HAVE_SCHED_GETAFFINITY 1
| #define HAVE_SYS_RESOURCE_H 1
| #define HAVE_GETRLIMIT 1
| #define HAVE_DECL_STRERROR_R 1
| #define HAVE_STRERROR_R 1
| #define STRERROR_R_CHAR_P 1
| #define USE_DEMANGLE 1
| #define HAVE_FALLTHROUGH 1
| /* end confdefs.h.  */
| #include <ac_nonexistent.h>
configure:10502: checking for grep that handles long lines and -e
configure:10566: result: /usr/bin/grep
configure:10571: checking for egrep
configure:10639: result: /usr/bin/grep -E
configure:10648: checking for ELF binary format
configure:10672: result: yes
configure:10724: checking for the common suffixes of directories in the library search path
configure:10793: result: lib,lib,lib64
configure:11323: checking for CFPreferencesCopyAppValue
configure:11342: gcc -o conftest -D_FORTIFY_SOURCE=3 -g -O2   conftest.c  -Wl,-framework -Wl,CoreFoundation >&5
conftest.c:49:10: fatal error: CoreFoundation/CFPreferences.h: No such file or directory
   49 | #include <CoreFoundation/CFPreferences.h>
      |          ^~~~~~~~~~~~~~~~~~~~~~~~~~~~~~~~
compilation terminated.
configure:11342: $? = 1
configure: failed program was:
| /* confdefs.h */
| #define PACKAGE_NAME "elfutils"
| #define PACKAGE_TARNAME "elfutils"
| #define PACKAGE_VERSION "0.191"
| #define PACKAGE_STRING "elfutils 0.191"
| #define PACKAGE_BUGREPORT "https://sourceware.org/bugzilla"
| #define PACKAGE_URL "http://elfutils.org/"
| #define PACKAGE "elfutils"
| #define VERSION "0.191"
| #define DEFAULT_AR_DETERMINISTIC false
| #define HAVE_VISIBILITY 1
| #define HAVE_GCC_STRUCT 1
| #define HAVE_STDATOMIC_H 1
| #define CHECK_UNDEFINED 0
| #define USE_ZLIB 1
| #define USE_BZLIB 1
| #define USE_LZMA 1
| #define USE_ZSTD 1
| #define USE_ZSTD_COMPRESS 1
| #define HAVE_DECL_MEMRCHR 1
| #define HAVE_DECL_RAWMEMCHR 1
| #define HAVE_DECL_POWEROF2 1
| #define HAVE_DECL_MEMPCPY 1
| #define HAVE_DECL_REALLOCARRAY 1
| #define HAVE_PROCESS_VM_READV 1
| #define HAVE_MREMAP 1
| #define HAVE_STDIO_H 1
| #define HAVE_STDLIB_H 1
| #define HAVE_STRING_H 1
| #define HAVE_INTTYPES_H 1
| #define HAVE_STDINT_H 1
| #define HAVE_STRINGS_H 1
| #define HAVE_SYS_STAT_H 1
| #define HAVE_SYS_TYPES_H 1
| #define HAVE_UNISTD_H 1
| #define STDC_HEADERS 1
| #define HAVE_ERROR_H 1
| #define HAVE_ERR_H 1
| #define HAVE_SCHED_H 1
| #define HAVE_SCHED_GETAFFINITY 1
| #define HAVE_SYS_RESOURCE_H 1
| #define HAVE_GETRLIMIT 1
| #define HAVE_DECL_STRERROR_R 1
| #define HAVE_STRERROR_R 1
| #define STRERROR_R_CHAR_P 1
| #define USE_DEMANGLE 1
| #define HAVE_FALLTHROUGH 1
| /* end confdefs.h.  */
| #include <CoreFoundation/CFPreferences.h>
| int
| main (void)
| {
| CFPreferencesCopyAppValue(NULL, NULL)
|   ;
|   return 0;
| }
configure:11352: result: no
configure:11359: checking for CFLocaleCopyPreferredLanguages
configure:11378: gcc -o conftest -D_FORTIFY_SOURCE=3 -g -O2   conftest.c  -Wl,-framework -Wl,CoreFoundation >&5
conftest.c:49:10: fatal error: CoreFoundation/CFLocale.h: No such file or directory
   49 | #include <CoreFoundation/CFLocale.h>
      |          ^~~~~~~~~~~~~~~~~~~~~~~~~~~
compilation terminated.
configure:11378: $? = 1
configure: failed program was:
| /* confdefs.h */
| #define PACKAGE_NAME "elfutils"
| #define PACKAGE_TARNAME "elfutils"
| #define PACKAGE_VERSION "0.191"
| #define PACKAGE_STRING "elfutils 0.191"
| #define PACKAGE_BUGREPORT "https://sourceware.org/bugzilla"
| #define PACKAGE_URL "http://elfutils.org/"
| #define PACKAGE "elfutils"
| #define VERSION "0.191"
| #define DEFAULT_AR_DETERMINISTIC false
| #define HAVE_VISIBILITY 1
| #define HAVE_GCC_STRUCT 1
| #define HAVE_STDATOMIC_H 1
| #define CHECK_UNDEFINED 0
| #define USE_ZLIB 1
| #define USE_BZLIB 1
| #define USE_LZMA 1
| #define USE_ZSTD 1
| #define USE_ZSTD_COMPRESS 1
| #define HAVE_DECL_MEMRCHR 1
| #define HAVE_DECL_RAWMEMCHR 1
| #define HAVE_DECL_POWEROF2 1
| #define HAVE_DECL_MEMPCPY 1
| #define HAVE_DECL_REALLOCARRAY 1
| #define HAVE_PROCESS_VM_READV 1
| #define HAVE_MREMAP 1
| #define HAVE_STDIO_H 1
| #define HAVE_STDLIB_H 1
| #define HAVE_STRING_H 1
| #define HAVE_INTTYPES_H 1
| #define HAVE_STDINT_H 1
| #define HAVE_STRINGS_H 1
| #define HAVE_SYS_STAT_H 1
| #define HAVE_SYS_TYPES_H 1
| #define HAVE_UNISTD_H 1
| #define STDC_HEADERS 1
| #define HAVE_ERROR_H 1
| #define HAVE_ERR_H 1
| #define HAVE_SCHED_H 1
| #define HAVE_SCHED_GETAFFINITY 1
| #define HAVE_SYS_RESOURCE_H 1
| #define HAVE_GETRLIMIT 1
| #define HAVE_DECL_STRERROR_R 1
| #define HAVE_STRERROR_R 1
| #define STRERROR_R_CHAR_P 1
| #define USE_DEMANGLE 1
| #define HAVE_FALLTHROUGH 1
| /* end confdefs.h.  */
| #include <CoreFoundation/CFLocale.h>
| int
| main (void)
| {
| CFLocaleCopyPreferredLanguages();
|   ;
|   return 0;
| }
configure:11388: result: no
configure:11438: checking for GNU gettext in libc
configure:11468: gcc -o conftest -D_FORTIFY_SOURCE=3 -g -O2   conftest.c  >&5
configure:11468: $? = 0
configure:11478: result: yes
configure:12378: checking whether to use NLS
configure:12380: result: yes
configure:12383: checking where the gettext function comes from
configure:12394: result: libc
configure:12536: checking size of long
configure:12542: gcc -o conftest -D_FORTIFY_SOURCE=3 -g -O2   conftest.c  >&5
configure:12542: $? = 0
configure:12542: ./conftest
configure:12542: $? = 0
configure:12557: result: 8
configure:12569: checking for struct user_regs_struct
configure:12569: gcc -c -D_FORTIFY_SOURCE=3 -g -O2  conftest.c >&5
configure:12569: $? = 0
configure:12569: gcc -c -D_FORTIFY_SOURCE=3 -g -O2  conftest.c >&5
conftest.c: In function 'main':
conftest.c:60:38: error: expected expression before ')' token
   60 | if (sizeof ((struct user_regs_struct)))
      |                                      ^
configure:12569: $? = 1
configure: failed program was:
| /* confdefs.h */
| #define PACKAGE_NAME "elfutils"
| #define PACKAGE_TARNAME "elfutils"
| #define PACKAGE_VERSION "0.191"
| #define PACKAGE_STRING "elfutils 0.191"
| #define PACKAGE_BUGREPORT "https://sourceware.org/bugzilla"
| #define PACKAGE_URL "http://elfutils.org/"
| #define PACKAGE "elfutils"
| #define VERSION "0.191"
| #define DEFAULT_AR_DETERMINISTIC false
| #define HAVE_VISIBILITY 1
| #define HAVE_GCC_STRUCT 1
| #define HAVE_STDATOMIC_H 1
| #define CHECK_UNDEFINED 0
| #define USE_ZLIB 1
| #define USE_BZLIB 1
| #define USE_LZMA 1
| #define USE_ZSTD 1
| #define USE_ZSTD_COMPRESS 1
| #define HAVE_DECL_MEMRCHR 1
| #define HAVE_DECL_RAWMEMCHR 1
| #define HAVE_DECL_POWEROF2 1
| #define HAVE_DECL_MEMPCPY 1
| #define HAVE_DECL_REALLOCARRAY 1
| #define HAVE_PROCESS_VM_READV 1
| #define HAVE_MREMAP 1
| #define HAVE_STDIO_H 1
| #define HAVE_STDLIB_H 1
| #define HAVE_STRING_H 1
| #define HAVE_INTTYPES_H 1
| #define HAVE_STDINT_H 1
| #define HAVE_STRINGS_H 1
| #define HAVE_SYS_STAT_H 1
| #define HAVE_SYS_TYPES_H 1
| #define HAVE_UNISTD_H 1
| #define STDC_HEADERS 1
| #define HAVE_ERROR_H 1
| #define HAVE_ERR_H 1
| #define HAVE_SCHED_H 1
| #define HAVE_SCHED_GETAFFINITY 1
| #define HAVE_SYS_RESOURCE_H 1
| #define HAVE_GETRLIMIT 1
| #define HAVE_DECL_STRERROR_R 1
| #define HAVE_STRERROR_R 1
| #define STRERROR_R_CHAR_P 1
| #define USE_DEMANGLE 1
| #define HAVE_FALLTHROUGH 1
| #define ENABLE_NLS 1
| #define HAVE_GETTEXT 1
| #define HAVE_DCGETTEXT 1
| #define SIZEOF_LONG 8
| /* end confdefs.h.  */
| #include <sys/ptrace.h>
|                #include <sys/time.h>
|                #include <sys/user.h>
| 
| int
| main (void)
| {
| if (sizeof ((struct user_regs_struct)))
| 	    return 0;
|   ;
|   return 0;
| }
configure:12569: result: yes
configure:12587: checking gcc option for 32-bit word size
configure:12601: gcc -m32 -c -D_FORTIFY_SOURCE=3 -g -O2  conftest.c >&5
configure:12601: $? = 0
configure:12610: result: -m32
configure:12615: checking for 64-bit host
configure:12638: result: yes
configure:12670: checking whether gcc -m32 makes executables we can run
configure:12693: gcc -m32 -o conftest -D_FORTIFY_SOURCE=3 -g -O2   conftest.c  >&5
/usr/bin/ld: cannot find Scrt1.o: No such file or directory
/usr/bin/ld: cannot find crti.o: No such file or directory
/usr/bin/ld: skipping incompatible /usr/lib/gcc/x86_64-linux-gnu/14/libgcc.a when searching for -lgcc
/usr/bin/ld: cannot find -lgcc: No such file or directory
/usr/bin/ld: skipping incompatible /usr/lib/x86_64-linux-gnu/libgcc_s.so.1 when searching for libgcc_s.so.1
/usr/bin/ld: cannot find libgcc_s.so.1: No such file or directory
/usr/bin/ld: skipping incompatible /usr/lib/x86_64-linux-gnu/libgcc_s.so.1 when searching for libgcc_s.so.1
/usr/bin/ld: skipping incompatible /usr/lib/gcc/x86_64-linux-gnu/14/libgcc.a when searching for -lgcc
/usr/bin/ld: cannot find -lgcc: No such file or directory
collect2: error: ld returned 1 exit status
configure:12693: $? = 1
configure: program exited with status 1
configure: failed program was:
| /* confdefs.h */
| #define PACKAGE_NAME "elfutils"
| #define PACKAGE_TARNAME "elfutils"
| #define PACKAGE_VERSION "0.191"
| #define PACKAGE_STRING "elfutils 0.191"
| #define PACKAGE_BUGREPORT "https://sourceware.org/bugzilla"
| #define PACKAGE_URL "http://elfutils.org/"
| #define PACKAGE "elfutils"
| #define VERSION "0.191"
| #define DEFAULT_AR_DETERMINISTIC false
| #define HAVE_VISIBILITY 1
| #define HAVE_GCC_STRUCT 1
| #define HAVE_STDATOMIC_H 1
| #define CHECK_UNDEFINED 0
| #define USE_ZLIB 1
| #define USE_BZLIB 1
| #define USE_LZMA 1
| #define USE_ZSTD 1
| #define USE_ZSTD_COMPRESS 1
| #define HAVE_DECL_MEMRCHR 1
| #define HAVE_DECL_RAWMEMCHR 1
| #define HAVE_DECL_POWEROF2 1
| #define HAVE_DECL_MEMPCPY 1
| #define HAVE_DECL_REALLOCARRAY 1
| #define HAVE_PROCESS_VM_READV 1
| #define HAVE_MREMAP 1
| #define HAVE_STDIO_H 1
| #define HAVE_STDLIB_H 1
| #define HAVE_STRING_H 1
| #define HAVE_INTTYPES_H 1
| #define HAVE_STDINT_H 1
| #define HAVE_STRINGS_H 1
| #define HAVE_SYS_STAT_H 1
| #define HAVE_SYS_TYPES_H 1
| #define HAVE_UNISTD_H 1
| #define STDC_HEADERS 1
| #define HAVE_ERROR_H 1
| #define HAVE_ERR_H 1
| #define HAVE_SCHED_H 1
| #define HAVE_SCHED_GETAFFINITY 1
| #define HAVE_SYS_RESOURCE_H 1
| #define HAVE_GETRLIMIT 1
| #define HAVE_DECL_STRERROR_R 1
| #define HAVE_STRERROR_R 1
| #define STRERROR_R_CHAR_P 1
| #define USE_DEMANGLE 1
| #define HAVE_FALLTHROUGH 1
| #define ENABLE_NLS 1
| #define HAVE_GETTEXT 1
| #define HAVE_DCGETTEXT 1
| #define SIZEOF_LONG 8
| #define HAVE_SYS_USER_REGS 1
| /* end confdefs.h.  */
| 
| int
| main (void)
| {
| 
|   ;
|   return 0;
| }
configure:12705: result: no
configure:12712: WARNING: not running biarch tests, gcc -m32 does not work
configure:12877: checking for bunzip2
configure:12898: found /usr/bin/bunzip2
configure:12910: result: yes
configure:12926: checking for zstd
configure:12959: result: no
configure:12999: checking whether g++ supports C++11 features with -std=c++11
configure:13302: g++ -std=c++11 -c -D_FORTIFY_SOURCE=3 -g -O2  conftest.cpp >&5
configure:13302: $? = 0
configure:13312: result: yes
configure:13591: checking for pthread_setname_np in -lpthread
configure:13614: gcc -o conftest -D_FORTIFY_SOURCE=3 -g -O2   conftest.c -lpthread   >&5
configure:13614: $? = 0
configure:13624: result: yes
configure:13663: checking for execinfo.h
configure:13663: gcc -c -D_FORTIFY_SOURCE=3 -g -O2  conftest.c >&5
configure:13663: $? = 0
configure:13663: result: yes
configure:14256: checking that generated files are newer than configure
configure:14262: result: done
configure:14437: creating ./config.status

## ---------------------- ##
## Running config.status. ##
## ---------------------- ##

This file was extended by elfutils config.status 0.191, which was
generated by GNU Autoconf 2.71.  Invocation command line was

  CONFIG_FILES    = 
  CONFIG_HEADERS  = 
  CONFIG_LINKS    = 
  CONFIG_COMMANDS = 
  $ ./config.status --quiet

on c-6a2c5df1-1445a456-6c050cdb0083

config.status:1075: creating config/Makefile
config.status:1075: creating Makefile
config.status:1075: creating elfutils.spec
config.status:1075: creating debuginfod/Makefile
config.status:1075: creating debuginfod/debuginfod.h
config.status:1075: creating doc/Makefile
config.status:1075: creating lib/Makefile
config.status:1075: creating libelf/Makefile
config.status:1075: creating libebl/Makefile
config.status:1075: creating libdwelf/Makefile
config.status:1075: creating libdw/Makefile
config.status:1075: creating libdwfl/Makefile
config.status:1075: creating libcpu/Makefile
config.status:1075: creating libasm/Makefile
config.status:1075: creating backends/Makefile
config.status:1075: creating src/Makefile
config.status:1075: creating po/Makefile.in
config.status:1075: creating tests/Makefile
config.status:1075: creating config/libelf.pc
config.status:1075: creating config/libdw.pc
config.status:1075: creating config/libdebuginfod.pc
config.status:1075: creating version.h
config.status:1075: creating config/profile.sh
config.status:1075: creating config/profile.csh
config.status:1075: creating config.h
config.status:1304: executing depfiles commands
config.status:1381: cd debuginfod       && sed -e '/# am--include-marker/d' Makefile         | make -f - am--depfiles
config.status:1386: $? = 0
config.status:1381: cd lib       && sed -e '/# am--include-marker/d' Makefile         | make -f - am--depfiles
config.status:1386: $? = 0
config.status:1381: cd libelf       && sed -e '/# am--include-marker/d' Makefile         | make -f - am--depfiles
config.status:1386: $? = 0
config.status:1381: cd libebl       && sed -e '/# am--include-marker/d' Makefile         | make -f - am--depfiles
config.status:1386: $? = 0
config.status:1381: cd libdwelf       && sed -e '/# am--include-marker/d' Makefile         | make -f - am--depfiles
config.status:1386: $? = 0
config.status:1381: cd libdw       && sed -e '/# am--include-marker/d' Makefile         | make -f - am--depfiles
ar: ../libdwfl/libdwfl.a: No such file or directory
ar: ../libdwelf/libdwelf.a: No such file or directory
ar: ../libebl/libebl.a: No such file or directory
ar: ../backends/libebl_backends.a: No such file or directory
ar: ../libcpu/libcpu.a: No such file or directory
config.status:1386: $? = 0
config.status:1381: cd libdwfl       && sed -e '/# am--include-marker/d' Makefile         | make -f - am--depfiles
config.status:1386: $? = 0
config.status:1381: cd libcpu       && sed -e '/# am--include-marker/d' Makefile         | make -f - am--depfiles
config.status:1386: $? = 0
config.status:1381: cd libasm       && sed -e '/# am--include-marker/d' Makefile         | make -f - am--depfiles
config.status:1386: $? = 0
config.status:1381: cd backends       && sed -e '/# am--include-marker/d' Makefile         | make -f - am--depfiles
config.status:1386: $? = 0
config.status:1381: cd src       && sed -e '/# am--include-marker/d' Makefile         | make -f - am--depfiles
config.status:1386: $? = 0
config.status:1381: cd tests       && sed -e '/# am--include-marker/d' Makefile         | make -f - am--depfiles
config.status:1386: $? = 0
config.status:1304: executing po-directories commands
configure:15891: WARNING: unrecognized options: --enable-libelf, --disable-libdw, --disable-libdwfl, --disable-libasm
configure:15896:
=====================================================================
        elfutils: 0.191 (eu_version: 191)
=====================================================================

    Prefix                             : /home/z/my-project/os-build/tools
    Program prefix ("eu-" recommended) : eu-
    Source code location               : .
    Maintainer mode                    : 
    build arch                         : x86_64-pc-linux-gnu

    CFLAGS=-D_FORTIFY_SOURCE=3 -g -O2
    CXXFLAGS=-D_FORTIFY_SOURCE=3 -g -O2

  RECOMMENDED FEATURES (should all be yes)
    gzip support                       : yes
    bzip2 support                      : yes
    lzma/xz support                    : yes
    zstd support                       : yes
    zstd compression support           : yes
    libstdc++ demangle support         : yes
    File textrel check                 : yes
    Symbol versioning                  : yes

  NOT RECOMMENDED FEATURES (should all be no)
    Experimental thread safety         : no
    install elf.h                      : no

  OTHER FEATURES
    Deterministic archives by default  : false
    Native language support            : yes
    Extra Valgrind annotations         : no
    libdebuginfod client support       : no
    Debuginfod server support          : no
    Default DEBUGINFOD_URLS            : 

  EXTRA TEST FEATURES (used with make check)
    have bunzip2 installed (required)  : yes
    have zstd installed                : no
    C++11                              : yes
    debug branch prediction            : no
    gprof support                      : no
    gcov support                       : no
    run all tests under valgrind       : no
    gcc undefined behaviour sanitizer  : no
    gcc address sanitizer              : no
    clang memory sanitizer             : no
    use rpath in tests                 : no
    test biarch                        : no


## ---------------- ##
## Cache variables. ##
## ---------------- ##

ac_cv_bad_fts=no
ac_cv_build=x86_64-pc-linux-gnu
ac_cv_buildid=yes
ac_cv_c_compiler_gnu=yes
ac_cv_c_undeclared_builtin_options='none needed'
ac_cv_cxx_compiler_gnu=yes
ac_cv_duplicated_cond=yes
ac_cv_env_CCC_set=
ac_cv_env_CCC_value=
ac_cv_env_CC_set=
ac_cv_env_CC_value=
ac_cv_env_CFLAGS_set=
ac_cv_env_CFLAGS_value=
ac_cv_env_CPPFLAGS_set=
ac_cv_env_CPPFLAGS_value=
ac_cv_env_CPP_set=
ac_cv_env_CPP_value=
ac_cv_env_CXXFLAGS_set=
ac_cv_env_CXXFLAGS_value=
ac_cv_env_CXX_set=
ac_cv_env_CXX_value=
ac_cv_env_LDFLAGS_set=
ac_cv_env_LDFLAGS_value=
ac_cv_env_LIBS_set=
ac_cv_env_LIBS_value=
ac_cv_env_PKG_CONFIG_LIBDIR_set=
ac_cv_env_PKG_CONFIG_LIBDIR_value=
ac_cv_env_PKG_CONFIG_PATH_set=
ac_cv_env_PKG_CONFIG_PATH_value=
ac_cv_env_PKG_CONFIG_set=
ac_cv_env_PKG_CONFIG_value=
ac_cv_env_YACC_set=
ac_cv_env_YACC_value=
ac_cv_env_YFLAGS_set=
ac_cv_env_YFLAGS_value=
ac_cv_env_ZSTD_COMPRESS_CFLAGS_set=
ac_cv_env_ZSTD_COMPRESS_CFLAGS_value=
ac_cv_env_ZSTD_COMPRESS_LIBS_set=
ac_cv_env_ZSTD_COMPRESS_LIBS_value=
ac_cv_env_build_alias_set=
ac_cv_env_build_alias_value=
ac_cv_env_host_alias_set=
ac_cv_env_host_alias_value=
ac_cv_env_libarchive_CFLAGS_set=
ac_cv_env_libarchive_CFLAGS_value=
ac_cv_env_libarchive_LIBS_set=
ac_cv_env_libarchive_LIBS_value=
ac_cv_env_libcurl_CFLAGS_set=
ac_cv_env_libcurl_CFLAGS_value=
ac_cv_env_libcurl_LIBS_set=
ac_cv_env_libcurl_LIBS_value=
ac_cv_env_libmicrohttpd_CFLAGS_set=
ac_cv_env_libmicrohttpd_CFLAGS_value=
ac_cv_env_libmicrohttpd_LIBS_set=
ac_cv_env_libmicrohttpd_LIBS_value=
ac_cv_env_oldlibmicrohttpd_CFLAGS_set=
ac_cv_env_oldlibmicrohttpd_CFLAGS_value=
ac_cv_env_oldlibmicrohttpd_LIBS_set=
ac_cv_env_oldlibmicrohttpd_LIBS_value=
ac_cv_env_sqlite3_CFLAGS_set=
ac_cv_env_sqlite3_CFLAGS_value=
ac_cv_env_sqlite3_LIBS_set=
ac_cv_env_sqlite3_LIBS_value=
ac_cv_env_target_alias_set=
ac_cv_env_target_alias_value=
ac_cv_fno_addrsig=no
ac_cv_fpic=yes
ac_cv_fpie=yes
ac_cv_func_getrlimit=yes
ac_cv_func_mremap=yes
ac_cv_func_process_vm_readv=yes
ac_cv_func_sched_getaffinity=yes
ac_cv_func_strerror_r_char_p=yes
ac_cv_gcc_struct=yes
ac_cv_has_stdatomic=yes
ac_cv_have_decl_mempcpy=yes
ac_cv_have_decl_memrchr=yes
ac_cv_have_decl_powerof2=yes
ac_cv_have_decl_rawmemchr=yes
ac_cv_have_decl_reallocarray=yes
ac_cv_have_decl_strerror_r=yes
ac_cv_header_err_h=yes
ac_cv_header_error_h=yes
ac_cv_header_execinfo_h=yes
ac_cv_header_inttypes_h=yes
ac_cv_header_sched_h=yes
ac_cv_header_stdint_h=yes
ac_cv_header_stdio_h=yes
ac_cv_header_stdlib_h=yes
ac_cv_header_string_h=yes
ac_cv_header_strings_h=yes
ac_cv_header_sys_resource_h=yes
ac_cv_header_sys_stat_h=yes
ac_cv_header_sys_types_h=yes
ac_cv_header_unistd_h=yes
ac_cv_host=x86_64-pc-linux-gnu
ac_cv_implicit_fallthrough=yes
ac_cv_implicit_fallthrough_5=yes
ac_cv_lib_pthread_pthread_setname_np=yes
ac_cv_lib_stdcpp___cxa_demangle=yes
ac_cv_logical_op=yes
ac_cv_no_packed_not_aligned=yes
ac_cv_null_dereference=yes
ac_cv_objext=o
ac_cv_path_EGREP='/usr/bin/grep -E'
ac_cv_path_GMSGFMT=:
ac_cv_path_GREP=/usr/bin/grep
ac_cv_path_MSGFMT=:
ac_cv_path_MSGMERGE=:
ac_cv_path_SED=/usr/bin/sed
ac_cv_path_XGETTEXT=:
ac_cv_path_ac_pt_PKG_CONFIG=/usr/bin/pkg-config
ac_cv_path_install='/usr/bin/install -c'
ac_cv_path_mkdir=/usr/bin/mkdir
ac_cv_prog_AWK=mawk
ac_cv_prog_CPP='gcc -E'
ac_cv_prog_HAVE_BUNZIP2=yes
ac_cv_prog_HAVE_ZSTD=no
ac_cv_prog_ac_ct_AR=ar
ac_cv_prog_ac_ct_CC=gcc
ac_cv_prog_ac_ct_CXX=g++
ac_cv_prog_ac_ct_NM=nm
ac_cv_prog_ac_ct_RANLIB=ranlib
ac_cv_prog_ac_ct_READELF=readelf
ac_cv_prog_cc_c11=
ac_cv_prog_cc_g=yes
ac_cv_prog_cc_stdc=
ac_cv_prog_cxx_cxx11=
ac_cv_prog_cxx_g=yes
ac_cv_prog_cxx_stdcxx=
ac_cv_prog_make_make_set=yes
ac_cv_search_BZ2_bzdopen=-lbz2
ac_cv_search_ZSTD_decompress=-lzstd
ac_cv_search__obstack_free='none required'
ac_cv_search_argp_parse='none required'
ac_cv_search_fts_close='none required'
ac_cv_search_gzdirect=-lz
ac_cv_search_lzma_auto_decoder=-llzma
ac_cv_sizeof_long=8
ac_cv_stack_usage=yes
ac_cv_symbol_versioning=yes
ac_cv_sys_file_offset_bits=no
ac_cv_sys_largefile_CC=no
ac_cv_tls=yes
ac_cv_trampolines=yes
ac_cv_type_struct_user_regs_struct=yes
ac_cv_use_after_free3=yes
ac_cv_visibility=yes
ac_cv_zdefs=yes
ac_cv_zrelro=yes
acl_cv_hardcode_direct=no
acl_cv_hardcode_libdir_flag_spec='${wl}-rpath ${wl}$libdir'
acl_cv_hardcode_libdir_separator=
acl_cv_hardcode_minus_L=no
acl_cv_libdirstems=lib,lib,lib64
acl_cv_libext=a
acl_cv_libname_spec='lib$name'
acl_cv_library_names_spec='$libname$shrext'
acl_cv_path_LD=/usr/bin/ld
acl_cv_prog_gnu_ld=yes
acl_cv_rpath=done
acl_cv_shlibext=so
acl_cv_wl=-Wl,
am_cv_CC_dependencies_compiler_type=gcc3
am_cv_CXX_dependencies_compiler_type=gcc3
am_cv_ar_interface=ar
am_cv_make_support_nested_variables=yes
am_cv_prog_cc_c_o=yes
ax_cv_cxx_compile_cxx11__std_cpp11=yes
gl_cv_elf=yes
gl_cv_host_cpu_c_abi_32bit=no
gt_cv_func_CFLocaleCopyPreferredLanguages=no
gt_cv_func_CFPreferencesCopyAppValue=no
gt_cv_func_gnugettext3_libc=yes
pkg_cv_ZSTD_COMPRESS_CFLAGS=
pkg_cv_ZSTD_COMPRESS_LIBS='-lzstd '
utrace_cv_CC_m32=-m32
utrace_cv_cc_biarch=no
utrace_cv_host64=yes

## ----------------- ##
## Output variables. ##
## ----------------- ##

ACLOCAL='${SHELL} '\''/home/z/my-project/os-build/src/elfutils-0.191/config/missing'\'' aclocal-1.16'
ADD_STACK_USAGE_WARNING_FALSE='#'
ADD_STACK_USAGE_WARNING_TRUE=''
AMDEPBACKSLASH='\'
AMDEP_FALSE='#'
AMDEP_TRUE=''
AMTAR='$${TAR-tar}'
AM_BACKSLASH='\'
AM_DEFAULT_V='$(AM_DEFAULT_VERBOSITY)'
AM_DEFAULT_VERBOSITY='0'
AM_V='$(V)'
AR='ar'
AUTOCONF='${SHELL} '\''/home/z/my-project/os-build/src/elfutils-0.191/config/missing'\'' autoconf'
AUTOHEADER='${SHELL} '\''/home/z/my-project/os-build/src/elfutils-0.191/config/missing'\'' autoheader'
AUTOMAKE='${SHELL} '\''/home/z/my-project/os-build/src/elfutils-0.191/config/missing'\'' automake-1.16'
AWK='mawk'
BIARCH_FALSE=''
BIARCH_TRUE='#'
BUILD_STATIC_FALSE=''
BUILD_STATIC_TRUE='#'
BZ2_LIB='-lbz2 '
BZLIB_FALSE='#'
BZLIB_TRUE=''
CC='gcc'
CCDEPMODE='depmode=gcc3'
CC_BIARCH='gcc -m32'
CFLAGS='-D_FORTIFY_SOURCE=3 -g -O2'
CPP='gcc -E'
CPPFLAGS=''
CSCOPE='cscope'
CTAGS='ctags'
CXX='g++ -std=c++11'
CXXDEPMODE='depmode=gcc3'
CXXFLAGS='-D_FORTIFY_SOURCE=3 -g -O2'
CYGPATH_W='echo'
DEBUGINFOD_FALSE=''
DEBUGINFOD_TRUE='#'
DEBUGINFOD_URLS=''
DEBUGPRED='0'
DEFS='-DHAVE_CONFIG_H'
DEMANGLE_FALSE='#'
DEMANGLE_TRUE=''
DEPDIR='.deps'
DUMMY_LIBDEBUGINFOD_FALSE=''
DUMMY_LIBDEBUGINFOD_TRUE='#'
ECHO_C=''
ECHO_N='-n'
ECHO_T=''
EGREP='/usr/bin/grep -E'
ETAGS='etags'
EXEEXT=''
FATAL_TEXTREL_FALSE='#'
FATAL_TEXTREL_TRUE=''
GCOV=''
GCOV_FALSE=''
GCOV_TRUE='#'
GENHTML=''
GETTEXT_MACRO_VERSION='0.20'
GMSGFMT=':'
GMSGFMT_015=':'
GPROF_FALSE=''
GPROF_TRUE='#'
GREP='/usr/bin/grep'
HAVE_BISON=''
HAVE_BUNZIP2='yes'
HAVE_CXX11='yes'
HAVE_CXX11_FALSE='#'
HAVE_CXX11_TRUE=''
HAVE_DUPLICATED_COND_WARNING_FALSE='#'
HAVE_DUPLICATED_COND_WARNING_TRUE=''
HAVE_FLEX=''
HAVE_GAWK=''
HAVE_IMPLICIT_FALLTHROUGH_5_WARNING_FALSE='#'
HAVE_IMPLICIT_FALLTHROUGH_5_WARNING_TRUE=''
HAVE_IMPLICIT_FALLTHROUGH_WARNING_FALSE='#'
HAVE_IMPLICIT_FALLTHROUGH_WARNING_TRUE=''
HAVE_NO_PACKED_NOT_ALIGNED_WARNING_FALSE='#'
HAVE_NO_PACKED_NOT_ALIGNED_WARNING_TRUE=''
HAVE_NULL_DEREFERENCE_WARNING_FALSE='#'
HAVE_NULL_DEREFERENCE_WARNING_TRUE=''
HAVE_STDATOMIC_H_FALSE='#'
HAVE_STDATOMIC_H_TRUE=''
HAVE_TRAMPOLINES_WARNING_FALSE='#'
HAVE_TRAMPOLINES_WARNING_TRUE=''
HAVE_USE_AFTER_FREE3_WARNING_FALSE='#'
HAVE_USE_AFTER_FREE3_WARNING_TRUE=''
HAVE_VALGRIND=''
HAVE_ZSTD='no'
HAVE_ZSTD_FALSE=''
HAVE_ZSTD_TRUE='#'
INSTALL_DATA='${INSTALL} -m 644'
INSTALL_ELFH_FALSE=''
INSTALL_ELFH_TRUE='#'
INSTALL_PROGRAM='${INSTALL}'
INSTALL_SCRIPT='${INSTALL}'
INSTALL_STRIP_PROGRAM='$(install_sh) -c -s'
INTLLIBS=''
INTL_MACOSX_LIBS=''
LCOV=''
LDFLAGS=''
LEX=':'
LEXLIB=''
LEX_OUTPUT_ROOT=''
LIBDEBUGINFOD_FALSE=''
LIBDEBUGINFOD_SONAME='libdebuginfod.so.1'
LIBDEBUGINFOD_TRUE='#'
LIBICONV='-liconv'
LIBINTL=''
LIBLZMA='liblzma'
LIBOBJS=''
LIBS=''
LIBZSTD='libzstd'
LTLIBICONV='-liconv'
LTLIBINTL=''
LTLIBOBJS=''
LZMA_FALSE='#'
LZMA_TRUE=''
MAINT='#'
MAINTAINER_MODE_FALSE=''
MAINTAINER_MODE_TRUE='#'
MAKEINFO='${SHELL} '\''/home/z/my-project/os-build/src/elfutils-0.191/config/missing'\'' makeinfo'
MKDIR_P='/usr/bin/mkdir -p'
MSGFMT=':'
MSGMERGE=':'
MSGMERGE_FOR_MSGFMT_OPTION='--no-location --quiet'
NM='nm'
NO_UNDEFINED='-Wl,--no-undefined'
OBJEXT='o'
OLD_LIBMICROHTTPD_FALSE=''
OLD_LIBMICROHTTPD_TRUE='#'
PACKAGE='elfutils'
PACKAGE_BUGREPORT='https://sourceware.org/bugzilla'
PACKAGE_NAME='elfutils'
PACKAGE_STRING='elfutils 0.191'
PACKAGE_TARNAME='elfutils'
PACKAGE_URL='http://elfutils.org/'
PACKAGE_VERSION='0.191'
PATH_SEPARATOR=':'
PKG_CONFIG='/usr/bin/pkg-config'
PKG_CONFIG_LIBDIR=''
PKG_CONFIG_PATH=''
POSUB='po'
RANLIB='ranlib'
READELF='readelf'
SANE_LOGICAL_OP_WARNING_FALSE='#'
SANE_LOGICAL_OP_WARNING_TRUE=''
SED='/usr/bin/sed'
SET_MAKE=''
SHELL='/bin/bash'
STRIP=''
SYMBOL_VERSIONING_FALSE='#'
SYMBOL_VERSIONING_TRUE=''
TESTS_RPATH_FALSE=''
TESTS_RPATH_TRUE='#'
USE_ADDRESS_SANITIZER_FALSE=''
USE_ADDRESS_SANITIZER_TRUE='#'
USE_LOCKS_FALSE=''
USE_LOCKS_TRUE='#'
USE_MEMORY_SANITIZER_FALSE=''
USE_MEMORY_SANITIZER_TRUE='#'
USE_NLS='yes'
USE_VALGRIND_FALSE=''
USE_VALGRIND_TRUE='#'
USE_VG_ANNOTATIONS_FALSE=''
USE_VG_ANNOTATIONS_TRUE='#'
USE_ZSTD_COMPRESS_FALSE='#'
USE_ZSTD_COMPRESS_TRUE=''
VERSION='0.191'
XGETTEXT=':'
XGETTEXT_015=':'
XGETTEXT_EXTRA_OPTIONS=''
YACC='yacc'
YFLAGS=''
ZLIB_FALSE='#'
ZLIB_TRUE=''
ZSTD_COMPRESS_CFLAGS=''
ZSTD_COMPRESS_LIBS='-lzstd '
ZSTD_FALSE='#'
ZSTD_TRUE=''
ac_ct_AR='ar'
ac_ct_CC='gcc'
ac_ct_CXX='g++'
am__EXEEXT_FALSE=''
am__EXEEXT_TRUE='#'
am__fastdepCC_FALSE='#'
am__fastdepCC_TRUE=''
am__fastdepCXX_FALSE='#'
am__fastdepCXX_TRUE=''
am__include='include'
am__isrc=''
am__leading_dot='.'
am__nodep='_no'
am__quote=''
am__tar='$${TAR-tar} chof - "$$tardir"'
am__untar='$${TAR-tar} xf -'
argp_LDADD=''
bindir='${exec_prefix}/bin'
build='x86_64-pc-linux-gnu'
build_alias=''
build_cpu='x86_64'
build_os='linux-gnu'
build_vendor='pc'
datadir='${datarootdir}'
datarootdir='${prefix}/share'
docdir='${datarootdir}/doc/${PACKAGE_TARNAME}'
dso_LDFLAGS='-shared -Wl,-z,defs -Wl,-z,relro'
dvidir='${docdir}'
eu_version='191'
exec_prefix='${prefix}'
fpic_CFLAGS='-fPIC'
fpie_CFLAGS='-fPIE'
fts_LIBS=''
host='x86_64-pc-linux-gnu'
host_alias=''
host_cpu='x86_64'
host_os='linux-gnu'
host_vendor='pc'
htmldir='${docdir}'
includedir='${prefix}/include'
infodir='${datarootdir}/info'
install_sh='${SHELL} /home/z/my-project/os-build/src/elfutils-0.191/config/install-sh'
libarchive_CFLAGS=''
libarchive_LIBS=''
libcurl_CFLAGS=''
libcurl_LIBS=''
libdir='${exec_prefix}/lib'
libexecdir='${exec_prefix}/libexec'
libmicrohttpd_CFLAGS=''
libmicrohttpd_LIBS=''
localedir='${datarootdir}/locale'
localedir_c='"/home/z/my-project/os-build/tools/share/locale"'
localedir_c_make='\"$(localedir)\"'
localstatedir='${prefix}/var'
mandir='${datarootdir}/man'
mkdir_p='$(MKDIR_P)'
obstack_LIBS=''
oldincludedir='/usr/include'
oldlibmicrohttpd_CFLAGS=''
oldlibmicrohttpd_LIBS=''
pdfdir='${docdir}'
prefix='/home/z/my-project/os-build/tools'
program_transform_name='s&^&eu-&'
psdir='${docdir}'
runstatedir='${localstatedir}/run'
sbindir='${exec_prefix}/sbin'
sharedstatedir='${prefix}/com'
sqlite3_CFLAGS=''
sqlite3_LIBS=''
sysconfdir='${prefix}/etc'
target_alias=''
zip_LIBS='-lzstd -llzma -lbz2 '
zstd_LIBS='-lzstd -llzma -lbz2 '

## ----------- ##
## confdefs.h. ##
## ----------- ##

/* confdefs.h */
#define PACKAGE_NAME "elfutils"
#define PACKAGE_TARNAME "elfutils"
#define PACKAGE_VERSION "0.191"
#define PACKAGE_STRING "elfutils 0.191"
#define PACKAGE_BUGREPORT "https://sourceware.org/bugzilla"
#define PACKAGE_URL "http://elfutils.org/"
#define PACKAGE "elfutils"
#define VERSION "0.191"
#define DEFAULT_AR_DETERMINISTIC false
#define HAVE_VISIBILITY 1
#define HAVE_GCC_STRUCT 1
#define HAVE_STDATOMIC_H 1
#define CHECK_UNDEFINED 0
#define USE_ZLIB 1
#define USE_BZLIB 1
#define USE_LZMA 1
#define USE_ZSTD 1
#define USE_ZSTD_COMPRESS 1
#define HAVE_DECL_MEMRCHR 1
#define HAVE_DECL_RAWMEMCHR 1
#define HAVE_DECL_POWEROF2 1
#define HAVE_DECL_MEMPCPY 1
#define HAVE_DECL_REALLOCARRAY 1
#define HAVE_PROCESS_VM_READV 1
#define HAVE_MREMAP 1
#define HAVE_STDIO_H 1
#define HAVE_STDLIB_H 1
#define HAVE_STRING_H 1
#define HAVE_INTTYPES_H 1
#define HAVE_STDINT_H 1
#define HAVE_STRINGS_H 1
#define HAVE_SYS_STAT_H 1
#define HAVE_SYS_TYPES_H 1
#define HAVE_UNISTD_H 1
#define STDC_HEADERS 1
#define HAVE_ERROR_H 1
#define HAVE_ERR_H 1
#define HAVE_SCHED_H 1
#define HAVE_SCHED_GETAFFINITY 1
#define HAVE_SYS_RESOURCE_H 1
#define HAVE_GETRLIMIT 1
#define HAVE_DECL_STRERROR_R 1
#define HAVE_STRERROR_R 1
#define STRERROR_R_CHAR_P 1
#define USE_DEMANGLE 1
#define HAVE_FALLTHROUGH 1
#define ENABLE_NLS 1
#define HAVE_GETTEXT 1
#define HAVE_DCGETTEXT 1
#define SIZEOF_LONG 8
#define HAVE_SYS_USER_REGS 1
#define HAVE_CXX11 1
#define HAVE_PTHREAD_SETNAME_NP 1
#define HAVE_EXECINFO_H 1

configure: exit 0
